2025-11-04 09:46:42 [INFO] Stripe API initialized successfully.
2025-11-04 09:46:58 [INFO] Stripe API initialized successfully.
2025-11-04 09:47:10 [DEBUG] Checking Stripe connect status
2025-11-04 09:47:10 [DEBUG] Resolved current_user ID: 81e78254-85dc-464c-8aa4-455f9d9d47eb
2025-11-04 09:47:10 [DEBUG] Fetching business for user_id=81e78254-85dc-464c-8aa4-455f9d9d47eb
2025-11-04 09:47:11 [INFO] Retrieved Stripe status for account acct_1RyXMHEidzLIQQcu
2025-11-04 09:49:48 [INFO] Stripe API initialized successfully.
2025-11-04 09:53:27 [INFO] Stripe API initialized successfully.
2025-11-04 10:02:11 [INFO] Stripe API initialized successfully.
2025-11-04 10:06:20 [INFO] Stripe API initialized successfully.
2025-11-04 10:06:50 [INFO] Checking subscription status for user 81e78254-85dc-464c-8aa4-455f9d9d47eb
2025-11-04 10:06:50 [DEBUG] Subscription lookup for ID=sub_1OkVEMIdMMgqrK9P9nLNiDAM
2025-11-04 10:06:51 [INFO] Retrieved subscription sub_1OkVEMIdMMgqrK9P9nLNiDAM for user 81e78254-85dc-464c-8aa4-455f9d9d47eb
2025-11-04 10:20:28 [INFO] Stripe API initialized successfully.
2025-11-04 10:26:14 [INFO] Stripe API initialized successfully.
2025-11-04 10:57:25 [INFO] Stripe API initialized successfully.
2025-11-04 10:59:45 [INFO] Stripe API initialized successfully.
2025-11-04 11:01:50 [INFO] Stripe API initialized successfully.
2025-11-04 11:03:37 [INFO] Stripe API initialized successfully.
2025-11-04 11:05:01 [INFO] Stripe API initialized successfully.
2025-11-04 11:05:04 [INFO] Stripe API initialized successfully.
2025-11-04 11:05:10 [INFO] Stripe API initialized successfully.
2025-11-04 11:05:12 [INFO] Stripe API initialized successfully.
2025-11-04 11:06:28 [INFO] Stripe API initialized successfully.
2025-11-04 11:37:09 [INFO] Stripe API initialized successfully.
2025-11-04 11:38:55 [INFO] Stripe API initialized successfully.
2025-11-04 11:38:58 [INFO] Stripe API initialized successfully.
2025-11-04 11:39:08 [INFO] Stripe API initialized successfully.
2025-11-04 11:40:26 [INFO] Stripe API initialized successfully.
2025-11-04 11:40:32 [INFO] Stripe API initialized successfully.
2025-11-04 11:40:45 [INFO] Stripe API initialized successfully.
2025-11-04 11:40:49 [INFO] Stripe API initialized successfully.
2025-11-04 11:41:15 [INFO] Stripe API initialized successfully.
2025-11-04 11:41:26 [INFO] Stripe API initialized successfully.
2025-11-04 11:41:38 [INFO] Stripe API initialized successfully.
2025-11-04 11:41:43 [INFO] Stripe API initialized successfully.
2025-11-04 11:42:51 [INFO] Stripe API initialized successfully.
2025-11-04 11:43:07 [INFO] Stripe API initialized successfully.
2025-11-04 11:44:27 [INFO] Stripe API initialized successfully.
2025-11-04 11:49:30 [INFO] Checking subscription status for user 81e78254-85dc-464c-8aa4-455f9d9d47eb
2025-11-04 11:49:30 [DEBUG] Subscription lookup for ID=sub_1Nl8NaIdMMgqrK9PIap55dJK
2025-11-04 11:49:31 [INFO] Retrieved subscription sub_1Nl8NaIdMMgqrK9PIap55dJK for user 81e78254-85dc-464c-8aa4-455f9d9d47eb
2025-11-04 11:50:43 [INFO] Stripe API initialized successfully.
2025-11-04 11:50:50 [INFO] Stripe API initialized successfully.
2025-11-04 11:51:37 [INFO] Stripe API initialized successfully.
2025-11-04 11:54:38 [INFO] Creating Stripe checkout session for invoice 167e08cc-6ef7-4967-8eac-e908e7fb72c4
2025-11-04 11:54:39 [INFO] Checkout session created: cs_test_a1gvqIV9AXURm2ibiU7nRVKi8eHtdmiXhNdr9drrasHQBTBIPp0BpKKTpE
2025-11-04 11:57:59 [INFO] Creating Stripe checkout session for invoice 059db2db-0102-4ece-a839-a77d27bdf2cd
2025-11-04 11:58:00 [INFO] Checkout session created: cs_test_a1hAOIyeiCDkaSnl02n3Qj0bMuPhvZ7zDRtPjVjtrdco6EhlyRpwXplg3r
2025-11-04 12:01:12 [INFO] Stripe API initialized successfully.
2025-11-04 12:01:21 [INFO] Stripe API initialized successfully.
2025-11-04 12:01:44 [INFO] Stripe API initialized successfully.
2025-11-04 12:01:49 [INFO] Stripe API initialized successfully.
2025-11-04 12:02:07 [INFO] Stripe API initialized successfully.
2025-11-04 12:02:52 [INFO] Stripe API initialized successfully.
2025-11-04 12:02:54 [INFO] Stripe API initialized successfully.
2025-11-04 12:02:55 [INFO] Creating Stripe checkout session for invoice b8df07eb-603a-4155-930d-6f75918667af
2025-11-04 12:02:56 [INFO] Checkout session created: cs_test_a1LiKNYzLJEFi1qi1hRBgQFQO1tnOlS2RPJbHtLyvjrr9y3hsvqrg5NUvU
2025-11-04 12:03:32 [INFO] Creating Stripe checkout session for invoice 3b8329a0-77d4-4daf-99ea-4d11937aca28
2025-11-04 12:03:33 [INFO] Checkout session created: cs_test_a1B23dgp1e6GE7C8RUz8R41HB1JnNh7kdBZvTFS4j4T25CKmXwLjpiFNf8
2025-11-04 12:03:55 [INFO] Creating Stripe checkout session for invoice 90acbf0b-5efa-4007-8b27-538b7346c47e
2025-11-04 12:03:56 [INFO] Checkout session created: cs_test_a1wv3OOCvrB6tgOspFDVry6Ua9DwNB35Wo96DdWjGbCs2C8XhBfeq0CqnE
2025-11-04 12:04:19 [INFO] Stripe API initialized successfully.
2025-11-04 12:04:22 [INFO] Creating Stripe checkout session for invoice 613773c7-7499-4ebc-83ad-7d62d1da4d44
2025-11-04 12:04:23 [INFO] Checkout session created: cs_test_a1UXgghZ33fPh6HvsF16Wsr6ss8h0cYoeKardPUnhvoxwUlBXYPRix9rLO
2025-11-04 12:05:04 [INFO] Stripe API initialized successfully.
2025-11-04 12:05:06 [INFO] Creating Stripe checkout session for invoice 353e668f-3da0-46fa-90f7-136a1defcb4a
2025-11-04 12:05:07 [INFO] Checkout session created: cs_test_a1eoA8rXMiUJKPpxgmBXYFJRCXyKPz83i2HCwaNcx8aBU7hxIa9sSJhX8i
2025-11-04 12:05:23 [INFO] Stripe API initialized successfully.
2025-11-04 12:05:25 [INFO] Creating Stripe checkout session for invoice b5a6f60e-0474-408c-9588-e1545751f322
2025-11-04 12:05:25 [INFO] Checkout session created: cs_test_a1aQZYAHso2sseWf2orPdLD24A6fdMD3nJK4LhENC5tub2YXNWPzednMhR
2025-11-04 12:06:25 [INFO] Stripe API initialized successfully.
2025-11-04 12:07:26 [INFO] Creating Stripe checkout session for invoice 835b8dfb-e556-47e9-902d-a7051145cf90
2025-11-04 12:07:27 [INFO] Checkout session created: cs_test_a1nwhYzR9ve2XHDdMcgSUqwtJFmCgHNqTm7aMN49OFUSV8vHwX8jW2iWl0
2025-11-04 12:08:02 [INFO] Stripe API initialized successfully.
2025-11-04 12:09:20 [INFO] Creating Stripe checkout session for invoice b1ec43f1-2ed5-4d7d-bb73-470d0fa5acd0
2025-11-04 12:09:20 [INFO] Checkout session created: cs_test_a1ThEDF8jHVY4dGVQbbPCiu1xhykjlSznHlatVoADvMQijplRb9C9pcwX4
2025-11-04 12:09:32 [INFO] Creating Stripe checkout session for invoice ff9d719f-db23-4cac-83bb-6b2445925346
2025-11-04 12:09:33 [INFO] Checkout session created: cs_test_a1y5AnkQnvjjC8UoT4asUAEsMObKEeUQkIAsAaGXXJMInQU8M8r85B184t
2025-11-04 12:09:43 [INFO] Creating Stripe checkout session for invoice b9e68bcd-c6d8-437c-ab19-63165040982f
2025-11-04 12:09:43 [INFO] Checkout session created: cs_test_a1TaJPfrTSOMDLw6MEukGTnvtUrga2Pnuq8if6NAtk1wlOtZ3WlQdSxEVb
2025-11-04 12:11:18 [INFO] Creating Stripe checkout session for invoice ad382ba1-c187-4da1-999b-8aa383d233bb
2025-11-04 12:11:19 [INFO] Checkout session created: cs_test_a1Sq9bhQOpoaLNRYBf6smEp1Qitezm1yCSer9SHjIYjrahx6BvTwpRDoB1
2025-11-04 12:13:20 [INFO] Creating Stripe checkout session for invoice 33182262-0e06-4531-94fc-a34ebe253ab1
2025-11-04 12:13:21 [INFO] Checkout session created: cs_test_a1uurKWkQbSZgIbu5KDjrRpoQ1htNUpGisxgZDsbCdLpmhw0vMREwElL7v
2025-11-04 12:14:21 [INFO] Creating Stripe checkout session for invoice 16fabcd3-0edb-4354-99fd-216b64750c38
2025-11-04 12:14:22 [INFO] Checkout session created: cs_test_a14Fyo4pbqu3CqPMWFk7APVMhdnNNhnbn40y7Be1E6KTdKpfry3E2aQiKV
2025-11-04 12:15:11 [INFO] Stripe API initialized successfully.
2025-11-04 12:15:13 [INFO] Creating Stripe checkout session for invoice 11b1fa61-347c-4280-8564-0fa2b6e80c57
2025-11-04 12:15:13 [INFO] Checkout session created: cs_test_a1E4CH3p94UeM3XhGieKkssi3o4DhLVR4Suvjf0ttzXc022xOwKHicYz80
2025-11-04 12:16:41 [INFO] Stripe API initialized successfully.
2025-11-04 12:16:55 [INFO] Stripe API initialized successfully.
2025-11-04 12:17:09 [INFO] Creating Stripe checkout session for invoice 97e058a4-6126-4995-a20a-9f283bac0d53
2025-11-04 12:17:10 [INFO] Checkout session created: cs_test_a1mjf5lAQZh1iZoybJHhOkk7i7aM69AjVlU1PgK4IlYqjbQlLEwmMXT6Et
2025-11-04 12:17:24 [INFO] Stripe paid callback received for invoice 97e058a4-6126-4995-a20a-9f283bac0d53
2025-11-04 12:17:24 [DEBUG] Moving invoice 97e058a4-6126-4995-a20a-9f283bac0d53 from pending to final tables.
2025-11-04 12:17:25 [INFO] Invoice 97e058a4-6126-4995-a20a-9f283bac0d53 successfully finalized.
2025-11-04 12:17:26 [INFO] Payment notification sent for invoice 97e058a4-6126-4995-a20a-9f283bac0d53
2025-11-04 12:18:26 [DEBUG] Checking Stripe connect status
2025-11-04 12:18:26 [DEBUG] Resolved current_user ID: 81e78254-85dc-464c-8aa4-455f9d9d47eb
2025-11-04 12:18:26 [DEBUG] Fetching business for user_id=81e78254-85dc-464c-8aa4-455f9d9d47eb
2025-11-04 12:18:28 [INFO] Retrieved Stripe status for account acct_1MYBGmIMRYsDBFES
2025-11-04 12:18:29 [INFO] Checking subscription status for user 81e78254-85dc-464c-8aa4-455f9d9d47eb
2025-11-04 12:18:29 [DEBUG] Subscription lookup for ID=sub_1Nl8NaIdMMgqrK9PIap55dJK
2025-11-04 12:19:34 [INFO] Stripe API initialized successfully.
2025-11-04 12:19:48 [INFO] Stripe API initialized successfully.
2025-11-04 12:19:50 [INFO] Stripe API initialized successfully.
2025-11-04 12:20:02 [INFO] Stripe API initialized successfully.
2025-11-04 12:21:56 [INFO] Stripe API initialized successfully.
2025-11-04 12:22:14 [INFO] Stripe API initialized successfully.
2025-11-04 12:26:06 [INFO] Stripe API initialized successfully.
2025-11-04 12:27:15 [INFO] Stripe API initialized successfully.
2025-11-04 12:27:21 [INFO] Stripe API initialized successfully.
2025-11-04 12:27:51 [INFO] Creating Stripe checkout session for invoice ccb09c73-26eb-4b92-9ad6-8e8025d58a7e
2025-11-04 12:27:52 [INFO] Checkout session created: cs_test_a1HSoasxHtw9WTWwScEoSR8R0QU92blu4EEvfSRQjPtvQCi8SiPbQm5fel
2025-11-04 12:28:04 [INFO] Stripe cancel callback received for invoice ccb09c73-26eb-4b92-9ad6-8e8025d58a7e
2025-11-04 12:28:41 [INFO] Stripe API initialized successfully.
2025-11-04 12:28:43 [INFO] Creating Stripe checkout session for invoice 6c40cbc4-3d58-484c-87f4-384c614674c0
2025-11-04 12:28:45 [INFO] Checkout session created: cs_test_a1N9lqF8yRBfPog9iEGLlegW4cLPoGk0Q5dOiBWSlEQpHqrLI5CYTZezaf
2025-11-04 12:29:03 [INFO] Stripe cancel callback received for invoice 6c40cbc4-3d58-484c-87f4-384c614674c0
2025-11-04 12:29:23 [INFO] Creating Stripe checkout session for invoice 161b0166-ce35-4406-9b48-66e52c39355e
2025-11-04 12:29:24 [INFO] Checkout session created: cs_test_a1EQXfUi2mixHuCLkjHRJ1pI5417ko622FJvlgGTiJ8A5M5k7fe55jLt1h
2025-11-04 12:30:07 [INFO] Stripe cancel callback received for invoice 161b0166-ce35-4406-9b48-66e52c39355e
2025-11-04 12:30:15 [INFO] Creating Stripe checkout session for invoice 77d2a670-2fea-45ce-b92d-030020519fb0
2025-11-04 12:30:15 [INFO] Checkout session created: cs_test_a1rrpR3dLzzRnyR11ynKBPdKW59oEX4TWcT6qRnQtNMqE5zu7ZC0mgboKl
2025-11-04 12:30:18 [INFO] Stripe cancel callback received for invoice 77d2a670-2fea-45ce-b92d-030020519fb0
2025-11-04 12:30:56 [INFO] Creating Stripe checkout session for invoice 3b0fcaa7-055d-4bc0-aef8-3b1b41270b60
2025-11-04 12:30:57 [INFO] Checkout session created: cs_test_a1fOgXdeByRPG5uwHcAcWuB2CSUZUMAQy3f7yiBjTZjA8DDDNZYW2M5CJW
2025-11-04 12:31:12 [INFO] Stripe cancel callback received for invoice 3b0fcaa7-055d-4bc0-aef8-3b1b41270b60
2025-11-04 12:31:36 [INFO] Creating Stripe checkout session for invoice 8a61f767-323c-4fd3-841d-f05e9d540723
2025-11-04 12:31:36 [INFO] Checkout session created: cs_test_a1Ibl513Wsriu4ac3xH3exuhqEyAr8mDxNMjGK9tkQGUHwObDFQwxzd1Ru
2025-11-04 12:33:44 [INFO] Creating Stripe checkout session for invoice e75a1b17-82b5-4db7-a100-ea0f7d21e2fa
2025-11-04 12:33:45 [INFO] Checkout session created: cs_test_a1Hz5lNByyYyNxUN3lq1RO5I0lgV9ZFeg94XTY1v5TquTBanOOOj7n8864
2025-11-04 12:33:53 [INFO] Stripe cancel callback received for invoice e75a1b17-82b5-4db7-a100-ea0f7d21e2fa
2025-11-04 12:33:57 [INFO] Stripe cancel callback received for invoice e75a1b17-82b5-4db7-a100-ea0f7d21e2fa
2025-11-04 12:35:25 [INFO] Stripe API initialized successfully.
2025-11-04 12:35:28 [INFO] Stripe API initialized successfully.
2025-11-04 12:36:02 [INFO] Creating Stripe checkout session for invoice f0884cda-3b31-4dca-81b4-aa10d8427b72
2025-11-04 12:36:03 [INFO] Checkout session created: cs_test_a1gj0LCGUY8N48J08qyDCdXqDVVGSnsT6sOEmDFW4p4WrhcAdM6kYEieCm
2025-11-04 12:36:08 [INFO] Stripe cancel callback received for invoice f0884cda-3b31-4dca-81b4-aa10d8427b72
2025-11-04 12:36:35 [INFO] Creating Stripe checkout session for invoice c9e1e724-deec-4543-bf7b-3f47ecd56907
2025-11-04 12:36:36 [INFO] Checkout session created: cs_test_a1LsIbRqbPSzAyAXPARBadAARMCs6RMFZjg6uST6wS7FRaWtp3jhmw080q
2025-11-04 12:36:41 [INFO] Stripe cancel callback received for invoice c9e1e724-deec-4543-bf7b-3f47ecd56907
2025-11-04 12:37:06 [INFO] Creating Stripe checkout session for invoice 3603b08b-47c9-4de4-955c-24f496c9daa7
2025-11-04 12:37:07 [INFO] Checkout session created: cs_test_a1Lt9QDDzVmY9SSze8b8FPWEiDSCKHAxCqo0PVV5NWrKp0qzqxNanyMDCe
2025-11-04 12:44:07 [INFO] Stripe cancel callback received for invoice 3603b08b-47c9-4de4-955c-24f496c9daa7
2025-11-04 12:44:16 [INFO] Stripe API initialized successfully.
2025-11-04 12:44:19 [INFO] Creating Stripe checkout session for invoice aceab4f7-0f1b-4705-8689-d0cdac7b545f
2025-11-04 12:44:20 [INFO] Checkout session created: cs_live_a1I2bdUlnxwmAlNjnah1jL7ZR4Rg8B5PjVWY6VPs1vuE8wHXUuanAHfVau
2025-11-04 12:45:03 [INFO] Stripe cancel callback received for invoice aceab4f7-0f1b-4705-8689-d0cdac7b545f
2025-11-04 12:45:55 [INFO] Creating Stripe checkout session for invoice df840325-e6bb-4a3c-b7bb-48b2bc6f6f35
2025-11-04 12:45:56 [INFO] Checkout session created: cs_live_a1TI6uT9i9vzlgkUdhzyK4BgSbA01233EiNmKRklpptH5jsJvx4eeASXjk
2025-11-04 12:45:59 [INFO] Stripe cancel callback received for invoice df840325-e6bb-4a3c-b7bb-48b2bc6f6f35
2025-11-04 12:47:40 [INFO] Creating Stripe checkout session for invoice e57abfdf-449e-4a4b-a9aa-6386b89ea066
2025-11-04 12:47:41 [INFO] Checkout session created: cs_live_a12A1hRLuLYFDgdl9Q72Q94qgk6QBH83gMRJVqsP0rGorFMVSdeDGt8zhk
2025-11-04 12:47:56 [INFO] Stripe cancel callback received for invoice e57abfdf-449e-4a4b-a9aa-6386b89ea066
2025-11-04 12:49:00 [INFO] Stripe API initialized successfully.
2025-11-04 12:49:38 [DEBUG] Checking Stripe connect status
2025-11-04 12:49:38 [DEBUG] Resolved current_user ID: 81e78254-85dc-464c-8aa4-455f9d9d47eb
2025-11-04 12:49:38 [DEBUG] Fetching business for user_id=81e78254-85dc-464c-8aa4-455f9d9d47eb
2025-11-04 12:49:39 [INFO] Retrieved Stripe status for account acct_1MYBGmIMRYsDBFES
2025-11-04 12:56:53 [DEBUG] Checking Stripe connect status
2025-11-04 12:56:53 [DEBUG] Resolved current_user ID: 81e78254-85dc-464c-8aa4-455f9d9d47eb
2025-11-04 12:56:53 [DEBUG] Fetching business for user_id=81e78254-85dc-464c-8aa4-455f9d9d47eb
2025-11-04 12:56:55 [INFO] Retrieved Stripe status for account acct_1RyXMHEidzLIQQcu
2025-11-04 12:57:04 [DEBUG] Checking Stripe connect status
2025-11-04 12:57:04 [DEBUG] Resolved current_user ID: 81e78254-85dc-464c-8aa4-455f9d9d47eb
2025-11-04 12:57:04 [DEBUG] Fetching business for user_id=81e78254-85dc-464c-8aa4-455f9d9d47eb
2025-11-04 12:57:05 [INFO] Retrieved Stripe status for account acct_1RyXMHEidzLIQQcu
2025-11-04 12:57:09 [INFO] Checking subscription status for user 81e78254-85dc-464c-8aa4-455f9d9d47eb
2025-11-04 12:57:10 [DEBUG] Subscription lookup for ID=sub_1OkVEMIdMMgqrK9P9nLNiDAM
2025-11-04 12:57:34 [DEBUG] Checking Stripe connect status
2025-11-04 12:57:34 [DEBUG] Resolved current_user ID: 81e78254-85dc-464c-8aa4-455f9d9d47eb
2025-11-04 12:57:34 [DEBUG] Fetching business for user_id=81e78254-85dc-464c-8aa4-455f9d9d47eb
2025-11-04 12:57:36 [INFO] Retrieved Stripe status for account acct_1RyXMHEidzLIQQcu
2025-11-04 13:02:04 [INFO] Creating Stripe checkout session for invoice ee59b550-8256-4936-9df6-91f53c28b36e
2025-11-04 13:02:05 [INFO] Checkout session created: cs_test_a1nFwXQD2aDTw06vviwR3qgoj29kB5pbW7elx9A6UjsI9cavZjhOrBbUbx
2025-11-04 13:02:11 [INFO] Stripe cancel callback received for invoice ee59b550-8256-4936-9df6-91f53c28b36e
2025-11-04 13:02:15 [INFO] Creating Stripe checkout session for invoice 1d6ed6ca-ab8a-4436-ab98-779146117c4b
2025-11-04 13:02:17 [INFO] Checkout session created: cs_test_a1Smv2US9sqRdu0gjFMaq1PjAxDh8RVwsw8kElmykp4LcdmcgyvDrFZV0r
2025-11-04 13:02:29 [INFO] Stripe paid callback received for invoice 1d6ed6ca-ab8a-4436-ab98-779146117c4b
2025-11-04 13:02:29 [DEBUG] Moving invoice 1d6ed6ca-ab8a-4436-ab98-779146117c4b from pending to final tables.
2025-11-04 13:02:29 [INFO] Invoice 1d6ed6ca-ab8a-4436-ab98-779146117c4b successfully finalized.
2025-11-04 13:02:30 [INFO] Payment notification sent for invoice 1d6ed6ca-ab8a-4436-ab98-779146117c4b
2025-11-05 09:20:30 [INFO] Stripe API initialized successfully.
2025-11-05 10:37:22 [INFO] Stripe API initialized successfully.
2025-11-05 10:37:26 [INFO] Checking subscription status for user 81e78254-85dc-464c-8aa4-455f9d9d47eb
2025-11-05 10:37:28 [DEBUG] Subscription lookup for ID=sub_1Nl8NaIdMMgqrK9PIap55dJK
2025-11-05 10:37:59 [INFO] Stripe API initialized successfully.
2025-11-05 10:38:01 [INFO] Stripe API initialized successfully.
2025-11-05 10:38:18 [INFO] Checking subscription status for user 81e78254-85dc-464c-8aa4-455f9d9d47eb
2025-11-05 10:38:20 [DEBUG] Subscription lookup for ID=sub_1Nl8NaIdMMgqrK9PIap55dJK
2025-11-05 10:38:22 [INFO] Checking subscription status for user 81e78254-85dc-464c-8aa4-455f9d9d47eb
2025-11-05 10:38:24 [DEBUG] Subscription lookup for ID=sub_1Nl8NaIdMMgqrK9PIap55dJK
2025-11-05 10:46:30 [INFO] Checking subscription status for user 81e78254-85dc-464c-8aa4-455f9d9d47eb
2025-11-05 10:46:31 [DEBUG] Subscription lookup for ID=sub_1Nl8NaIdMMgqrK9PIap55dJK
2025-11-05 10:46:31 [INFO] Checking subscription status for user 81e78254-85dc-464c-8aa4-455f9d9d47eb
2025-11-05 10:46:33 [DEBUG] Subscription lookup for ID=sub_1Nl8NaIdMMgqrK9PIap55dJK
2025-11-05 10:46:44 [INFO] Checking subscription status for user 81e78254-85dc-464c-8aa4-455f9d9d47eb
2025-11-05 10:46:46 [DEBUG] Subscription lookup for ID=sub_1Nl8NaIdMMgqrK9PIap55dJK
2025-11-05 10:46:46 [INFO] Checking subscription status for user 81e78254-85dc-464c-8aa4-455f9d9d47eb
2025-11-05 10:46:46 [DEBUG] Subscription lookup for ID=sub_1Nl8NaIdMMgqrK9PIap55dJK
2025-11-05 10:48:02 [INFO] Checking subscription status for user 81e78254-85dc-464c-8aa4-455f9d9d47eb
2025-11-05 10:48:04 [DEBUG] Subscription lookup for ID=sub_1Nl8NaIdMMgqrK9PIap55dJK
2025-11-05 10:48:04 [INFO] Checking subscription status for user 81e78254-85dc-464c-8aa4-455f9d9d47eb
2025-11-05 10:48:04 [DEBUG] Subscription lookup for ID=sub_1Nl8NaIdMMgqrK9PIap55dJK
2025-11-05 10:48:59 [INFO] Checking subscription status for user 81e78254-85dc-464c-8aa4-455f9d9d47eb
2025-11-05 10:49:01 [DEBUG] Subscription lookup for ID=sub_1Nl8NaIdMMgqrK9PIap55dJK
2025-11-05 10:49:02 [INFO] Checking subscription status for user 81e78254-85dc-464c-8aa4-455f9d9d47eb
2025-11-05 10:49:02 [DEBUG] Subscription lookup for ID=sub_1Nl8NaIdMMgqrK9PIap55dJK
2025-11-05 10:49:23 [INFO] Checking subscription status for user 471e9752-bcd7-4b95-9391-e890a0b2e1e8
2025-11-05 10:49:24 [DEBUG] Subscription lookup for ID=sub_1OkVEMIdMMgqrK9P9nLNiDAM
2025-11-05 10:49:24 [INFO] Checking subscription status for user 471e9752-bcd7-4b95-9391-e890a0b2e1e8
2025-11-05 10:49:25 [DEBUG] Subscription lookup for ID=sub_1OkVEMIdMMgqrK9P9nLNiDAM
2025-11-05 10:51:24 [INFO] Checking subscription status for user 471e9752-bcd7-4b95-9391-e890a0b2e1e8
2025-11-05 10:51:25 [DEBUG] Subscription lookup for ID=sub_1OkVEMIdMMgqrK9P9nLNiDAM
2025-11-05 10:51:26 [INFO] Checking subscription status for user 471e9752-bcd7-4b95-9391-e890a0b2e1e8
2025-11-05 10:51:26 [DEBUG] Subscription lookup for ID=sub_1OkVEMIdMMgqrK9P9nLNiDAM
2025-11-05 10:51:41 [INFO] Stripe API initialized successfully.
2025-11-05 10:54:11 [INFO] Checking subscription status for user 471e9752-bcd7-4b95-9391-e890a0b2e1e8
2025-11-05 10:54:11 [DEBUG] Subscription lookup for ID=sub_1OkVEMIdMMgqrK9P9nLNiDAM
2025-11-05 10:54:25 [INFO] Stripe API initialized successfully.
2025-11-05 10:54:33 [INFO] Checking subscription status for user 471e9752-bcd7-4b95-9391-e890a0b2e1e8
2025-11-05 10:54:33 [DEBUG] Subscription lookup for ID=sub_1OkVEMIdMMgqrK9P9nLNiDAM
2025-11-05 10:54:34 [INFO] Checking subscription status for user 471e9752-bcd7-4b95-9391-e890a0b2e1e8
2025-11-05 10:54:35 [DEBUG] Subscription lookup for ID=sub_1OkVEMIdMMgqrK9P9nLNiDAM
2025-11-05 10:54:54 [INFO] Stripe API initialized successfully.
2025-11-05 10:56:57 [INFO] Stripe API initialized successfully.
2025-11-05 16:48:59 [INFO] Stripe API initialized successfully.
2025-11-05 16:57:09 [INFO] Stripe API initialized successfully.
2025-11-05 16:57:35 [INFO] Stripe API initialized successfully.
2025-11-05 16:58:52 [INFO] Stripe API initialized successfully.
2025-11-05 16:58:55 [INFO] Stripe API initialized successfully.
2025-11-05 16:58:59 [INFO] Stripe API initialized successfully.
2025-11-05 16:59:02 [INFO] Stripe API initialized successfully.
2025-11-05 17:08:17 [INFO] Checking subscription status for user 81e78254-85dc-464c-8aa4-455f9d9d47eb
2025-11-05 17:08:17 [DEBUG] Subscription lookup for ID=sub_1OkVEMIdMMgqrK9P9nLNiDAM
2025-11-05 17:08:18 [INFO] Retrieved subscription sub_1OkVEMIdMMgqrK9P9nLNiDAM for user 81e78254-85dc-464c-8aa4-455f9d9d47eb
2025-11-05 17:23:31 [INFO] Stripe API initialized successfully.
2025-11-05 17:24:52 [INFO] Stripe API initialized successfully.
2025-11-05 17:26:41 [INFO] Stripe API initialized successfully.
2025-11-05 17:29:17 [INFO] Stripe API initialized successfully.
2025-11-05 17:30:03 [INFO] Stripe API initialized successfully.
2025-11-05 17:30:05 [INFO] Stripe API initialized successfully.
2025-11-05 18:26:43 [INFO] Stripe API initialized successfully.
2025-11-05 18:31:56 [INFO] Stripe API initialized successfully.
2025-11-05 18:34:00 [INFO] Stripe API initialized successfully.
2025-11-05 18:35:40 [INFO] Stripe API initialized successfully.
2025-11-05 18:35:56 [INFO] Stripe API initialized successfully.
2025-11-05 18:36:52 [INFO] Stripe API initialized successfully.
2025-11-05 18:37:12 [INFO] Stripe API initialized successfully.
2025-11-05 18:38:42 [INFO] Stripe API initialized successfully.
2025-11-05 18:40:06 [INFO] Stripe API initialized successfully.
2025-11-05 18:40:25 [INFO] Stripe API initialized successfully.
2025-11-05 18:41:39 [INFO] Stripe API initialized successfully.
2025-11-05 18:45:01 [INFO] Stripe API initialized successfully.
2025-11-06 08:26:15 [INFO] Stripe API initialized successfully.
2025-11-06 08:26:17 [INFO] Stripe API initialized successfully.
2025-11-06 08:27:24 [INFO] Stripe API initialized successfully.
2025-11-06 08:32:34 [INFO] Stripe API initialized successfully.
2025-11-06 08:33:02 [INFO] Stripe API initialized successfully.
2025-11-06 08:34:16 [INFO] Stripe API initialized successfully.
2025-11-06 08:45:09 [INFO] Stripe API initialized successfully.
2025-11-06 08:46:57 [INFO] Stripe API initialized successfully.
2025-11-06 08:48:59 [INFO] Stripe API initialized successfully.
2025-11-06 08:49:28 [INFO] Stripe API initialized successfully.
2025-11-06 08:50:08 [INFO] Stripe API initialized successfully.
2025-11-06 08:50:13 [INFO] Stripe API initialized successfully.
2025-11-06 08:53:26 [INFO] Stripe API initialized successfully.
2025-11-06 08:53:29 [INFO] Stripe API initialized successfully.
2025-11-06 08:55:36 [INFO] Stripe API initialized successfully.
2025-11-06 08:56:11 [INFO] Stripe API initialized successfully.
2025-11-06 08:56:14 [INFO] Stripe API initialized successfully.
2025-11-06 08:56:27 [INFO] Stripe API initialized successfully.
2025-11-06 08:56:46 [INFO] Stripe API initialized successfully.
2025-11-06 09:04:43 [INFO] Stripe API initialized successfully.
2025-11-06 09:05:51 [INFO] Stripe API initialized successfully.
2025-11-06 09:10:30 [INFO] Stripe API initialized successfully.
2025-11-06 09:12:35 [INFO] Stripe API initialized successfully.
2025-11-06 09:15:34 [INFO] Stripe API initialized successfully.
2025-11-06 09:17:14 [INFO] Stripe API initialized successfully.
2025-11-06 09:17:59 [INFO] Stripe API initialized successfully.
2025-11-06 09:19:32 [INFO] Stripe API initialized successfully.
2025-11-06 09:19:36 [INFO] Stripe API initialized successfully.
2025-11-06 09:26:11 [INFO] Stripe API initialized successfully.
2025-11-06 09:35:37 [INFO] Stripe API initialized successfully.
2025-11-06 09:37:58 [INFO] Stripe API initialized successfully.
2025-11-06 09:38:00 [INFO] Stripe API initialized successfully.
2025-11-06 09:43:07 [INFO] Stripe API initialized successfully.
2025-11-06 10:07:03 [INFO] Stripe API initialized successfully.
2025-11-06 10:07:24 [INFO] Stripe API initialized successfully.
2025-11-06 10:07:29 [INFO] Stripe API initialized successfully.
2025-11-06 10:32:36 [INFO] Stripe API initialized successfully.
2025-11-06 10:32:58 [INFO] Stripe API initialized successfully.
2025-11-06 10:34:27 [INFO] Stripe API initialized successfully.
2025-11-06 10:36:42 [INFO] Stripe API initialized successfully.
2025-11-06 10:37:16 [INFO] Stripe API initialized successfully.
2025-11-06 10:37:20 [INFO] Stripe API initialized successfully.
2025-11-06 10:39:27 [INFO] Stripe API initialized successfully.
2025-11-06 10:40:45 [INFO] Stripe API initialized successfully.
2025-11-06 10:40:55 [INFO] Stripe API initialized successfully.
2025-11-06 10:41:29 [INFO] Stripe API initialized successfully.
2025-11-06 10:41:57 [INFO] Stripe API initialized successfully.
2025-11-06 10:42:00 [INFO] Stripe API initialized successfully.
2025-11-06 10:47:27 [INFO] Stripe API initialized successfully.
2025-11-06 10:47:39 [INFO] Stripe API initialized successfully.
2025-11-06 10:48:34 [INFO] Stripe API initialized successfully.
2025-11-06 10:48:37 [INFO] Stripe API initialized successfully.
2025-11-06 10:49:14 [INFO] Stripe API initialized successfully.
2025-11-06 10:49:54 [INFO] Stripe API initialized successfully.
2025-11-06 10:50:57 [INFO] Stripe API initialized successfully.
2025-11-06 10:53:19 [INFO] Stripe API initialized successfully.
2025-11-06 10:55:12 [INFO] Stripe API initialized successfully.
2025-11-06 10:55:16 [INFO] Stripe API initialized successfully.
2025-11-06 10:55:19 [INFO] Stripe API initialized successfully.
2025-11-06 10:56:40 [INFO] Stripe API initialized successfully.
2025-11-06 10:56:58 [INFO] Stripe API initialized successfully.
2025-11-06 10:57:02 [INFO] Stripe API initialized successfully.
2025-11-06 10:57:21 [INFO] Stripe API initialized successfully.
2025-11-06 10:57:23 [INFO] Stripe API initialized successfully.
2025-11-06 10:57:29 [INFO] Stripe API initialized successfully.
2025-11-06 10:57:35 [INFO] Stripe API initialized successfully.
2025-11-06 10:58:01 [INFO] Stripe API initialized successfully.
2025-11-06 10:58:53 [INFO] Stripe API initialized successfully.
2025-11-06 10:59:21 [INFO] Stripe API initialized successfully.
2025-11-06 10:59:30 [INFO] Stripe API initialized successfully.
2025-11-06 10:59:42 [INFO] Stripe API initialized successfully.
2025-11-06 10:59:48 [INFO] Stripe API initialized successfully.
2025-11-06 10:59:51 [INFO] Stripe API initialized successfully.
2025-11-06 11:00:39 [INFO] Stripe API initialized successfully.
2025-11-06 11:02:18 [INFO] Stripe API initialized successfully.
2025-11-06 11:02:37 [INFO] Stripe API initialized successfully.
2025-11-06 11:02:59 [INFO] Stripe API initialized successfully.
2025-11-06 11:03:30 [INFO] Stripe API initialized successfully.
2025-11-06 11:03:47 [INFO] Stripe API initialized successfully.
2025-11-06 11:03:51 [INFO] Stripe API initialized successfully.
2025-11-06 11:03:56 [INFO] Stripe API initialized successfully.
2025-11-06 11:03:58 [INFO] Stripe API initialized successfully.
2025-11-06 11:04:27 [INFO] Stripe API initialized successfully.
2025-11-06 11:07:57 [INFO] Stripe API initialized successfully.
2025-11-06 11:08:05 [INFO] Stripe API initialized successfully.
2025-11-06 11:09:59 [INFO] Stripe API initialized successfully.
2025-11-06 11:10:53 [INFO] Stripe API initialized successfully.
2025-11-06 11:12:06 [INFO] Stripe API initialized successfully.
2025-11-06 11:12:08 [INFO] Stripe API initialized successfully.
2025-11-06 11:43:01 [INFO] Stripe API initialized successfully.
2025-11-06 11:43:54 [INFO] Stripe API initialized successfully.
2025-11-06 11:44:08 [INFO] Stripe API initialized successfully.
2025-11-06 11:45:02 [INFO] Stripe API initialized successfully.
2025-11-06 11:46:05 [INFO] Stripe API initialized successfully.
2025-11-06 11:46:10 [INFO] Stripe API initialized successfully.
2025-11-06 11:48:11 [INFO] Stripe API initialized successfully.
2025-11-06 11:50:09 [INFO] Stripe API initialized successfully.
2025-11-06 11:50:37 [INFO] Stripe API initialized successfully.
2025-11-06 11:53:47 [INFO] Stripe API initialized successfully.
2025-11-06 11:53:49 [INFO] Stripe API initialized successfully.
2025-11-06 11:56:51 [INFO] Stripe API initialized successfully.
2025-11-06 12:03:37 [INFO] Stripe API initialized successfully.
2025-11-06 12:08:28 [INFO] Stripe API initialized successfully.
2025-11-06 12:08:35 [INFO] Stripe API initialized successfully.
2025-11-06 12:10:21 [INFO] Stripe API initialized successfully.
2025-11-06 12:12:30 [INFO] Stripe API initialized successfully.
2025-11-06 12:16:41 [INFO] Stripe API initialized successfully.
2025-11-06 12:16:56 [INFO] Stripe API initialized successfully.
2025-11-06 12:17:01 [INFO] Stripe API initialized successfully.
2025-11-06 12:21:09 [INFO] Stripe API initialized successfully.
2025-11-06 12:21:11 [INFO] Stripe API initialized successfully.
2025-11-06 12:50:32 [INFO] Stripe API initialized successfully.
2025-11-06 13:21:27 [INFO] Stripe API initialized successfully.
2025-11-06 13:21:34 [INFO] Stripe API initialized successfully.
2025-11-06 13:28:01 [INFO] Stripe API initialized successfully.
2025-11-06 13:53:53 [INFO] Stripe API initialized successfully.
2025-11-06 13:54:51 [INFO] Stripe API initialized successfully.
2025-11-06 13:56:19 [INFO] Stripe API initialized successfully.
2025-11-06 14:07:25 [INFO] Stripe API initialized successfully.
2025-11-06 14:11:21 [INFO] Stripe API initialized successfully.
2025-11-06 14:11:26 [INFO] Stripe API initialized successfully.
2025-11-06 14:12:17 [INFO] Stripe API initialized successfully.
2025-11-06 14:12:28 [INFO] Stripe API initialized successfully.
2025-11-06 14:12:31 [INFO] Stripe API initialized successfully.
2025-11-06 14:12:36 [INFO] Stripe API initialized successfully.
2025-11-06 14:12:38 [INFO] Stripe API initialized successfully.
2025-11-06 14:13:31 [INFO] Stripe API initialized successfully.
2025-11-06 14:14:42 [INFO] Stripe API initialized successfully.
2025-11-06 14:14:44 [INFO] Stripe API initialized successfully.
2025-11-06 14:15:10 [INFO] Stripe API initialized successfully.
2025-11-06 14:15:26 [INFO] Stripe API initialized successfully.
2025-11-06 14:15:28 [INFO] Stripe API initialized successfully.
2025-11-06 14:15:43 [INFO] Stripe API initialized successfully.
2025-11-06 14:16:42 [INFO] Stripe API initialized successfully.
2025-11-06 14:18:41 [INFO] Stripe API initialized successfully.
2025-11-06 14:18:50 [INFO] Stripe API initialized successfully.
2025-11-06 14:21:08 [INFO] Stripe API initialized successfully.
2025-11-06 14:21:10 [INFO] Stripe API initialized successfully.
2025-11-06 14:21:12 [INFO] Stripe API initialized successfully.
2025-11-06 14:21:25 [INFO] Stripe API initialized successfully.
2025-11-06 14:21:42 [INFO] Stripe API initialized successfully.
2025-11-06 14:23:01 [INFO] Stripe API initialized successfully.
2025-11-06 14:23:39 [INFO] Stripe API initialized successfully.
2025-11-06 14:24:55 [INFO] Stripe API initialized successfully.
2025-11-06 14:26:49 [INFO] Stripe API initialized successfully.
2025-11-06 14:28:15 [INFO] Stripe API initialized successfully.
2025-11-06 14:28:33 [INFO] Stripe API initialized successfully.
2025-11-06 14:29:32 [INFO] Stripe API initialized successfully.
2025-11-06 14:29:43 [INFO] Stripe API initialized successfully.
2025-11-06 14:32:07 [INFO] Stripe API initialized successfully.
2025-11-06 15:06:34 [INFO] Stripe API initialized successfully.
2025-11-06 15:26:41 [INFO] Stripe API initialized successfully.
2025-11-06 15:30:32 [INFO] Stripe API initialized successfully.
2025-11-06 15:35:47 [INFO] Stripe API initialized successfully.
2025-11-06 15:37:06 [INFO] Stripe API initialized successfully.
2025-11-06 15:47:26 [INFO] Stripe API initialized successfully.
2025-11-06 15:48:29 [INFO] Stripe API initialized successfully.
2025-11-06 15:50:23 [INFO] Stripe API initialized successfully.
2025-11-06 15:50:28 [INFO] Stripe API initialized successfully.
2025-11-06 16:10:35 [INFO] Stripe API initialized successfully.
2025-11-06 16:12:25 [INFO] Stripe API initialized successfully.
2025-11-06 16:15:02 [INFO] Stripe API initialized successfully.
2025-11-06 16:16:12 [INFO] Stripe API initialized successfully.
2025-11-06 16:18:13 [INFO] Stripe API initialized successfully.
2025-11-06 16:18:15 [INFO] Stripe API initialized successfully.
2025-11-06 16:18:42 [INFO] Stripe API initialized successfully.
2025-11-06 16:18:50 [INFO] Stripe API initialized successfully.
2025-11-06 16:50:21 [INFO] Stripe API initialized successfully.
2025-11-06 16:50:45 [INFO] Stripe API initialized successfully.
2025-11-06 16:51:02 [INFO] Stripe API initialized successfully.
2025-11-06 16:51:25 [INFO] Stripe API initialized successfully.
2025-11-06 16:53:41 [INFO] Stripe API initialized successfully.
2025-11-06 17:01:07 [INFO] Stripe API initialized successfully.
2025-11-06 17:01:24 [INFO] Stripe API initialized successfully.
2025-11-06 17:01:29 [INFO] Stripe API initialized successfully.
2025-11-06 17:01:35 [INFO] Stripe API initialized successfully.
2025-11-06 17:02:01 [INFO] Stripe API initialized successfully.
2025-11-06 17:02:05 [INFO] Stripe API initialized successfully.
2025-11-06 17:02:30 [INFO] Stripe API initialized successfully.
2025-11-06 17:02:37 [INFO] Stripe API initialized successfully.
2025-11-06 17:11:13 [INFO] Checking subscription status for user 81e78254-85dc-464c-8aa4-455f9d9d47eb
2025-11-06 17:11:14 [DEBUG] Subscription lookup for ID=sub_1OkVEMIdMMgqrK9P9nLNiDAM
2025-11-06 17:11:15 [INFO] Retrieved subscription sub_1OkVEMIdMMgqrK9P9nLNiDAM for user 81e78254-85dc-464c-8aa4-455f9d9d47eb
2025-11-06 17:20:29 [INFO] Stripe API initialized successfully.
2025-11-06 17:28:51 [INFO] Stripe API initialized successfully.
2025-11-06 17:33:22 [INFO] Stripe API initialized successfully.
2025-11-06 17:35:02 [INFO] Stripe API initialized successfully.
2025-11-06 17:36:24 [INFO] Stripe API initialized successfully.
2025-11-06 17:39:08 [INFO] Stripe API initialized successfully.
2025-11-06 17:54:30 [INFO] Stripe API initialized successfully.
2025-11-06 18:00:13 [INFO] Stripe API initialized successfully.
2025-11-06 18:02:06 [INFO] Stripe API initialized successfully.
2025-11-06 18:02:40 [INFO] Stripe API initialized successfully.
2025-11-06 18:06:57 [INFO] Stripe API initialized successfully.
2025-11-06 18:47:16 [INFO] Stripe API initialized successfully.
2025-11-06 18:53:46 [INFO] Stripe API initialized successfully.
2025-11-06 18:55:06 [INFO] Stripe API initialized successfully.
2025-11-06 18:57:53 [INFO] Stripe API initialized successfully.
2025-11-06 18:58:00 [INFO] Stripe API initialized successfully.
2025-11-06 19:00:12 [INFO] Stripe API initialized successfully.
2025-11-06 19:02:18 [INFO] Stripe API initialized successfully.
2025-11-06 19:05:23 [INFO] Stripe API initialized successfully.
2025-11-06 19:05:25 [INFO] Stripe API initialized successfully.
2025-11-06 19:05:27 [INFO] Stripe API initialized successfully.
2025-11-06 19:05:30 [INFO] Stripe API initialized successfully.
2025-11-06 19:07:27 [INFO] Stripe API initialized successfully.
2025-11-06 19:10:05 [INFO] Stripe API initialized successfully.
2025-11-06 19:15:07 [INFO] Stripe API initialized successfully.
2025-11-06 19:15:18 [INFO] Stripe API initialized successfully.
2025-11-06 19:17:08 [INFO] Stripe API initialized successfully.
2025-11-06 19:19:12 [INFO] Stripe API initialized successfully.
2025-11-06 19:19:47 [INFO] Stripe API initialized successfully.
2025-11-06 19:20:42 [INFO] Stripe API initialized successfully.
2025-11-06 19:21:30 [INFO] Stripe API initialized successfully.
2025-11-06 19:27:10 [INFO] Stripe API initialized successfully.
2025-11-06 19:28:23 [INFO] Stripe API initialized successfully.
2025-11-06 19:34:50 [INFO] Stripe API initialized successfully.
2025-11-06 19:44:27 [INFO] Stripe API initialized successfully.
2025-11-06 19:47:13 [INFO] Stripe API initialized successfully.
2025-11-06 19:48:38 [INFO] Stripe API initialized successfully.
2025-11-16 15:14:17 [INFO] Stripe API initialized successfully.
2025-11-17 08:38:11 [INFO] Stripe API initialized successfully.
2025-11-17 13:33:04 [INFO] Stripe API initialized successfully.
2025-11-17 13:40:05 [INFO] Stripe API initialized successfully.
2025-11-17 13:41:32 [INFO] Stripe API initialized successfully.
2025-11-17 13:41:37 [INFO] Stripe API initialized successfully.
2025-11-17 13:41:59 [INFO] Stripe API initialized successfully.
2025-11-17 13:42:29 [INFO] Stripe API initialized successfully.
2025-11-17 13:43:33 [INFO] Stripe API initialized successfully.
2025-11-17 13:43:35 [INFO] Stripe API initialized successfully.
2025-11-17 13:43:51 [INFO] Stripe API initialized successfully.
2025-11-17 13:43:57 [INFO] Stripe API initialized successfully.
2025-11-17 13:44:56 [INFO] Stripe API initialized successfully.
2025-11-17 13:45:09 [INFO] Stripe API initialized successfully.
2025-11-17 13:46:35 [INFO] Stripe API initialized successfully.
2025-11-18 10:17:55 [INFO] Stripe API initialized successfully.
2025-11-18 10:21:41 [INFO] Stripe API initialized successfully.
2025-11-18 10:21:43 [INFO] Stripe API initialized successfully.
2025-11-18 10:21:51 [INFO] Stripe API initialized successfully.
2025-11-18 10:22:20 [INFO] Stripe API initialized successfully.
2025-11-18 10:23:30 [INFO] Stripe API initialized successfully.
2025-11-18 10:23:38 [INFO] Stripe API initialized successfully.
2025-11-18 10:24:16 [INFO] Stripe API initialized successfully.
2025-11-18 10:24:46 [INFO] Stripe API initialized successfully.
2025-11-18 10:24:52 [INFO] Stripe API initialized successfully.
2025-11-18 10:25:48 [INFO] Stripe API initialized successfully.
2025-11-18 10:36:51 [INFO] Stripe API initialized successfully.
2025-11-18 10:40:40 [INFO] Stripe API initialized successfully.
2025-11-18 10:46:37 [INFO] Stripe API initialized successfully.
2025-11-18 10:48:07 [INFO] Stripe API initialized successfully.
2025-11-18 10:50:44 [INFO] Stripe API initialized successfully.
2025-11-18 10:50:47 [INFO] Stripe API initialized successfully.
2025-11-18 10:50:50 [INFO] Stripe API initialized successfully.
2025-11-18 11:03:01 [INFO] Stripe API initialized successfully.
2025-11-18 11:17:04 [INFO] Stripe API initialized successfully.
2025-11-18 11:19:27 [INFO] Stripe API initialized successfully.
2025-11-18 13:06:28 [INFO] Stripe API initialized successfully.
2025-11-18 13:06:41 [INFO] Stripe API initialized successfully.
2025-11-18 13:19:36 [INFO] Stripe API initialized successfully.
2025-11-18 13:20:01 [INFO] Stripe API initialized successfully.
2025-11-18 13:20:13 [INFO] Stripe API initialized successfully.
2025-11-18 13:20:21 [INFO] Stripe API initialized successfully.
2025-11-18 13:20:26 [INFO] Stripe API initialized successfully.
2025-11-18 13:20:41 [INFO] Stripe API initialized successfully.
2025-11-18 13:20:50 [INFO] Stripe API initialized successfully.
2025-11-18 13:38:22 [INFO] Stripe API initialized successfully.
2025-11-18 13:49:42 [INFO] Stripe API initialized successfully.
2025-11-18 13:51:26 [INFO] Stripe API initialized successfully.
2025-11-18 13:58:46 [INFO] Stripe API initialized successfully.
2025-11-18 13:59:34 [INFO] Stripe API initialized successfully.
2025-11-18 14:01:19 [INFO] Stripe API initialized successfully.
2025-11-18 14:02:54 [INFO] Stripe API initialized successfully.
2025-11-18 14:04:26 [INFO] Stripe API initialized successfully.
2025-11-18 14:04:32 [INFO] Stripe API initialized successfully.
2025-11-18 14:05:07 [INFO] Stripe API initialized successfully.
2025-11-18 14:05:13 [INFO] Stripe API initialized successfully.
2025-11-18 14:05:20 [INFO] Stripe API initialized successfully.
2025-11-18 14:05:50 [INFO] Stripe API initialized successfully.
2025-11-18 14:06:33 [INFO] Stripe API initialized successfully.
2025-11-18 14:07:06 [INFO] Stripe API initialized successfully.
2025-11-18 14:07:27 [INFO] Stripe API initialized successfully.
2025-11-18 14:07:33 [INFO] Stripe API initialized successfully.
2025-11-18 14:08:37 [INFO] Stripe API initialized successfully.
2025-11-18 14:08:51 [INFO] Stripe API initialized successfully.
2025-11-18 14:09:34 [INFO] Stripe API initialized successfully.
2025-11-18 14:09:54 [INFO] Stripe API initialized successfully.
2025-11-18 14:09:56 [INFO] Stripe API initialized successfully.
2025-11-18 14:10:48 [INFO] Stripe API initialized successfully.
2025-11-18 14:11:34 [INFO] Stripe API initialized successfully.
2025-11-18 14:12:11 [INFO] Stripe API initialized successfully.
2025-11-18 14:12:15 [INFO] Stripe API initialized successfully.
2025-11-18 14:12:26 [INFO] Stripe API initialized successfully.
2025-11-18 14:12:32 [INFO] Stripe API initialized successfully.
2025-11-18 14:12:44 [INFO] Stripe API initialized successfully.
2025-11-18 14:12:50 [INFO] Stripe API initialized successfully.
2025-11-18 14:13:21 [INFO] Stripe API initialized successfully.
2025-11-18 14:16:11 [INFO] Stripe API initialized successfully.
2025-11-18 14:16:32 [INFO] Stripe API initialized successfully.
2025-11-18 14:17:09 [INFO] Stripe API initialized successfully.
2025-11-18 14:17:46 [INFO] Stripe API initialized successfully.
2025-11-18 14:17:48 [INFO] Stripe API initialized successfully.
2025-11-18 14:18:06 [INFO] Stripe API initialized successfully.
2025-11-18 14:18:37 [INFO] Stripe API initialized successfully.
2025-11-18 14:21:30 [INFO] Stripe API initialized successfully.
2025-11-18 14:22:50 [INFO] Stripe API initialized successfully.
2025-11-18 14:23:25 [INFO] Stripe API initialized successfully.
2025-11-18 14:23:56 [INFO] Stripe API initialized successfully.
2025-11-18 14:24:11 [INFO] Stripe API initialized successfully.
2025-11-18 14:24:14 [INFO] Stripe API initialized successfully.
2025-11-18 14:24:15 [INFO] Stripe API initialized successfully.
2025-11-18 14:24:17 [INFO] Stripe API initialized successfully.
2025-11-18 14:24:23 [INFO] Stripe API initialized successfully.
2025-11-18 14:24:31 [INFO] Stripe API initialized successfully.
2025-11-18 14:24:41 [INFO] Stripe API initialized successfully.
2025-11-18 14:24:51 [INFO] Stripe API initialized successfully.
2025-11-18 14:25:37 [INFO] Stripe API initialized successfully.
2025-11-18 14:27:06 [INFO] Stripe API initialized successfully.
2025-11-18 14:29:23 [INFO] Stripe API initialized successfully.
2025-11-18 14:30:32 [INFO] Stripe API initialized successfully.
2025-11-18 14:30:57 [INFO] Stripe API initialized successfully.
2025-11-18 14:31:05 [INFO] Stripe API initialized successfully.
2025-11-18 14:31:36 [INFO] Stripe API initialized successfully.
2025-11-18 14:36:24 [INFO] Stripe API initialized successfully.
2025-11-18 14:38:40 [INFO] Stripe API initialized successfully.
2025-11-18 14:38:43 [INFO] Stripe API initialized successfully.
2025-11-18 14:39:23 [INFO] Stripe API initialized successfully.
2025-11-18 14:39:27 [INFO] Stripe API initialized successfully.
2025-11-18 14:40:32 [INFO] Stripe API initialized successfully.
2025-11-18 14:40:46 [INFO] Stripe API initialized successfully.
2025-11-18 14:40:48 [INFO] Stripe API initialized successfully.
2025-11-18 14:41:15 [INFO] Stripe API initialized successfully.
2025-11-18 14:41:22 [INFO] Stripe API initialized successfully.
2025-11-18 14:45:37 [INFO] Stripe API initialized successfully.
2025-11-18 14:45:41 [INFO] Stripe API initialized successfully.
2025-11-18 14:45:44 [INFO] Stripe API initialized successfully.
2025-11-18 14:45:49 [INFO] Stripe API initialized successfully.
2025-11-18 14:46:29 [INFO] Stripe API initialized successfully.
2025-11-18 14:46:34 [INFO] Stripe API initialized successfully.
2025-11-18 14:46:52 [INFO] Stripe API initialized successfully.
2025-11-18 14:48:36 [INFO] Stripe API initialized successfully.
2025-11-18 14:48:49 [INFO] Stripe API initialized successfully.
2025-11-18 16:20:30 [INFO] Stripe API initialized successfully.
2025-11-18 16:21:31 [INFO] Stripe API initialized successfully.
2025-11-18 16:22:47 [INFO] Stripe API initialized successfully.
2025-11-18 16:22:54 [INFO] Stripe API initialized successfully.
2025-11-18 16:24:16 [INFO] Stripe API initialized successfully.
2025-11-19 08:58:52 [INFO] Stripe API initialized successfully.
2025-11-19 08:58:56 [INFO] Checking subscription status for user 81e78254-85dc-464c-8aa4-455f9d9d47eb
2025-11-19 08:58:56 [DEBUG] Subscription lookup for ID=sub_1OkVEMIdMMgqrK9P9nLNiDAM
2025-11-19 08:59:14 [INFO] Checking subscription status for user 81e78254-85dc-464c-8aa4-455f9d9d47eb
2025-11-19 08:59:14 [DEBUG] Subscription lookup for ID=sub_1OkVEMIdMMgqrK9P9nLNiDAM
2025-11-19 08:59:14 [INFO] Checking subscription status for user 81e78254-85dc-464c-8aa4-455f9d9d47eb
2025-11-19 08:59:15 [DEBUG] Subscription lookup for ID=sub_1OkVEMIdMMgqrK9P9nLNiDAM
2025-11-19 09:00:30 [INFO] Checking subscription status for user 81e78254-85dc-464c-8aa4-455f9d9d47eb
2025-11-19 09:00:30 [DEBUG] Subscription lookup for ID=sub_1OkVEMIdMMgqrK9P9nLNiDAM
2025-11-19 09:02:15 [INFO] Checking subscription status for user 81e78254-85dc-464c-8aa4-455f9d9d47eb
2025-11-19 09:02:15 [DEBUG] Subscription lookup for ID=sub_1OkVEMIdMMgqrK9P9nLNiDAM
2025-11-19 09:02:16 [INFO] Checking subscription status for user 81e78254-85dc-464c-8aa4-455f9d9d47eb
2025-11-19 09:02:16 [DEBUG] Subscription lookup for ID=sub_1OkVEMIdMMgqrK9P9nLNiDAM
2025-11-19 09:03:07 [INFO] Checking subscription status for user 81e78254-85dc-464c-8aa4-455f9d9d47eb
2025-11-19 09:03:07 [DEBUG] Subscription lookup for ID=sub_1OkVEMIdMMgqrK9P9nLNiDAM
2025-11-19 09:03:07 [INFO] Checking subscription status for user 81e78254-85dc-464c-8aa4-455f9d9d47eb
2025-11-19 09:03:07 [DEBUG] Subscription lookup for ID=sub_1OkVEMIdMMgqrK9P9nLNiDAM
2025-11-19 09:03:35 [INFO] Checking subscription status for user 81e78254-85dc-464c-8aa4-455f9d9d47eb
2025-11-19 09:03:35 [DEBUG] Subscription lookup for ID=sub_1OkVEMIdMMgqrK9P9nLNiDAM
2025-11-19 09:03:35 [INFO] Checking subscription status for user 81e78254-85dc-464c-8aa4-455f9d9d47eb
2025-11-19 09:03:35 [DEBUG] Subscription lookup for ID=sub_1OkVEMIdMMgqrK9P9nLNiDAM
2025-11-19 11:05:14 [INFO] Stripe API initialized successfully.
2025-11-19 11:23:59 [INFO] Stripe API initialized successfully.
2025-11-19 11:25:35 [INFO] Stripe API initialized successfully.
2025-11-19 11:49:22 [INFO] Stripe API initialized successfully.
2025-11-19 12:39:42 [INFO] Creating Stripe checkout session for invoice e41e1638-55a4-4a86-90ce-9fc2b9763a73
2025-11-19 12:39:44 [INFO] Checkout session created: cs_test_a1zagcImGjxvFKGWbXd4ipx6vPpDGdjN3O9eiraCX50woyb1J0u1qZsZoH
2025-11-19 12:40:16 [INFO] Stripe paid callback received for invoice e41e1638-55a4-4a86-90ce-9fc2b9763a73
2025-11-19 12:40:17 [DEBUG] Moving invoice e41e1638-55a4-4a86-90ce-9fc2b9763a73 from pending to final tables.
2025-11-19 12:40:17 [INFO] Invoice e41e1638-55a4-4a86-90ce-9fc2b9763a73 successfully finalized.
2025-11-19 12:40:17 [INFO] Payment notification sent for invoice e41e1638-55a4-4a86-90ce-9fc2b9763a73
2025-11-19 13:19:37 [INFO] Stripe API initialized successfully.
2025-11-19 13:19:40 [INFO] Stripe API initialized successfully.
2025-11-19 13:29:18 [INFO] Stripe API initialized successfully.
2025-11-19 13:31:24 [INFO] Stripe API initialized successfully.
2025-11-19 14:07:31 [INFO] Stripe API initialized successfully.
2025-11-19 14:09:57 [INFO] Stripe API initialized successfully.
2025-11-19 14:16:51 [INFO] Stripe API initialized successfully.
2025-11-19 14:16:58 [INFO] Stripe API initialized successfully.
2025-11-19 14:17:02 [INFO] Stripe API initialized successfully.
2025-11-19 14:39:49 [INFO] Stripe API initialized successfully.
2025-11-20 10:14:18 [INFO] Stripe API initialized successfully.
2025-11-20 10:14:54 [INFO] Stripe API initialized successfully.
2025-11-20 10:16:27 [INFO] Stripe API initialized successfully.
2025-11-20 10:16:38 [INFO] Checking subscription status for user 81e78254-85dc-464c-8aa4-455f9d9d47eb
2025-11-20 10:16:38 [DEBUG] Subscription lookup for ID=sub_1OkVEMIdMMgqrK9P9nLNiDAM
2025-11-20 10:19:03 [INFO] Checking subscription status for user 81e78254-85dc-464c-8aa4-455f9d9d47eb
2025-11-20 10:19:04 [DEBUG] Subscription lookup for ID=sub_1OkVEMIdMMgqrK9P9nLNiDAM
2025-11-20 10:19:05 [INFO] Checking subscription status for user 81e78254-85dc-464c-8aa4-455f9d9d47eb
2025-11-20 10:19:05 [DEBUG] Subscription lookup for ID=sub_1OkVEMIdMMgqrK9P9nLNiDAM
2025-11-20 10:19:33 [INFO] Checking subscription status for user 471e9752-bcd7-4b95-9391-e890a0b2e1e8
2025-11-20 10:19:33 [DEBUG] Subscription lookup for ID=sub_1OkVEMIdMMgqrK9P9nLNiDAM
2025-11-20 10:19:34 [INFO] Checking subscription status for user 471e9752-bcd7-4b95-9391-e890a0b2e1e8
2025-11-20 10:19:34 [DEBUG] Subscription lookup for ID=sub_1OkVEMIdMMgqrK9P9nLNiDAM
2025-11-20 10:21:08 [INFO] Checking subscription status for user 471e9752-bcd7-4b95-9391-e890a0b2e1e8
2025-11-20 10:21:08 [DEBUG] Subscription lookup for ID=sub_1OkVEMIdMMgqrK9P9nLNiDAM
2025-11-20 10:21:10 [INFO] Checking subscription status for user 471e9752-bcd7-4b95-9391-e890a0b2e1e8
2025-11-20 10:21:11 [DEBUG] Subscription lookup for ID=sub_1OkVEMIdMMgqrK9P9nLNiDAM
2025-11-20 10:21:26 [INFO] Checking subscription status for user 471e9752-bcd7-4b95-9391-e890a0b2e1e8
2025-11-20 10:21:26 [DEBUG] Subscription lookup for ID=sub_1OkVEMIdMMgqrK9P9nLNiDAM
2025-11-20 10:21:59 [INFO] Checking subscription status for user 471e9752-bcd7-4b95-9391-e890a0b2e1e8
2025-11-20 10:21:59 [DEBUG] Subscription lookup for ID=sub_1OkVEMIdMMgqrK9P9nLNiDAM
2025-11-20 10:23:31 [INFO] Checking subscription status for user 471e9752-bcd7-4b95-9391-e890a0b2e1e8
2025-11-20 10:23:31 [DEBUG] Subscription lookup for ID=sub_1OkVEMIdMMgqrK9P9nLNiDAM
2025-11-20 10:23:32 [INFO] Checking subscription status for user 471e9752-bcd7-4b95-9391-e890a0b2e1e8
2025-11-20 10:23:32 [DEBUG] Subscription lookup for ID=sub_1OkVEMIdMMgqrK9P9nLNiDAM
2025-11-20 10:24:19 [INFO] Checking subscription status for user 471e9752-bcd7-4b95-9391-e890a0b2e1e8
2025-11-20 10:24:19 [DEBUG] Subscription lookup for ID=sub_1OkVEMIdMMgqrK9P9nLNiDAM
2025-11-20 10:24:20 [INFO] Checking subscription status for user 471e9752-bcd7-4b95-9391-e890a0b2e1e8
2025-11-20 10:24:20 [DEBUG] Subscription lookup for ID=sub_1OkVEMIdMMgqrK9P9nLNiDAM
2025-11-20 10:25:48 [INFO] Checking subscription status for user 471e9752-bcd7-4b95-9391-e890a0b2e1e8
2025-11-20 10:25:48 [DEBUG] Subscription lookup for ID=sub_1OkVEMIdMMgqrK9P9nLNiDAM
2025-11-20 10:25:49 [INFO] Checking subscription status for user 471e9752-bcd7-4b95-9391-e890a0b2e1e8
2025-11-20 10:25:49 [DEBUG] Subscription lookup for ID=sub_1OkVEMIdMMgqrK9P9nLNiDAM
2025-11-20 10:28:26 [INFO] Checking subscription status for user 471e9752-bcd7-4b95-9391-e890a0b2e1e8
2025-11-20 10:28:26 [DEBUG] Subscription lookup for ID=sub_1OkVEMIdMMgqrK9P9nLNiDAM
2025-11-20 10:28:27 [INFO] Checking subscription status for user 471e9752-bcd7-4b95-9391-e890a0b2e1e8
2025-11-20 10:28:27 [DEBUG] Subscription lookup for ID=sub_1OkVEMIdMMgqrK9P9nLNiDAM
2025-11-20 10:31:45 [INFO] Checking subscription status for user 81e78254-85dc-464c-8aa4-455f9d9d47eb
2025-11-20 10:31:45 [DEBUG] Subscription lookup for ID=sub_1OkVEMIdMMgqrK9P9nLNiDAM
2025-11-20 10:31:46 [INFO] Checking subscription status for user 81e78254-85dc-464c-8aa4-455f9d9d47eb
2025-11-20 10:31:46 [DEBUG] Subscription lookup for ID=sub_1OkVEMIdMMgqrK9P9nLNiDAM
2025-11-20 10:31:52 [INFO] Checking subscription status for user 471e9752-bcd7-4b95-9391-e890a0b2e1e8
2025-11-20 10:31:52 [DEBUG] Subscription lookup for ID=sub_1OkVEMIdMMgqrK9P9nLNiDAM
2025-11-20 10:31:52 [INFO] Checking subscription status for user 471e9752-bcd7-4b95-9391-e890a0b2e1e8
2025-11-20 10:31:53 [DEBUG] Subscription lookup for ID=sub_1OkVEMIdMMgqrK9P9nLNiDAM
2025-11-20 10:34:57 [INFO] Checking subscription status for user 81e78254-85dc-464c-8aa4-455f9d9d47eb
2025-11-20 10:34:57 [DEBUG] Subscription lookup for ID=sub_1OkVEMIdMMgqrK9P9nLNiDAM
2025-11-20 10:34:58 [INFO] Checking subscription status for user 81e78254-85dc-464c-8aa4-455f9d9d47eb
2025-11-20 10:34:59 [DEBUG] Subscription lookup for ID=sub_1OkVEMIdMMgqrK9P9nLNiDAM
2025-11-20 10:34:59 [INFO] Checking subscription status for user 471e9752-bcd7-4b95-9391-e890a0b2e1e8
2025-11-20 10:34:59 [DEBUG] Subscription lookup for ID=sub_1OkVEMIdMMgqrK9P9nLNiDAM
2025-11-20 10:35:00 [INFO] Checking subscription status for user 471e9752-bcd7-4b95-9391-e890a0b2e1e8
2025-11-20 10:35:00 [DEBUG] Subscription lookup for ID=sub_1OkVEMIdMMgqrK9P9nLNiDAM
2025-11-20 10:36:45 [INFO] Checking subscription status for user 81e78254-85dc-464c-8aa4-455f9d9d47eb
2025-11-20 10:36:46 [DEBUG] Subscription lookup for ID=sub_1OkVEMIdMMgqrK9P9nLNiDAM
2025-11-20 10:36:46 [INFO] Checking subscription status for user 81e78254-85dc-464c-8aa4-455f9d9d47eb
2025-11-20 10:36:46 [DEBUG] Subscription lookup for ID=sub_1OkVEMIdMMgqrK9P9nLNiDAM
2025-11-20 10:37:12 [INFO] Checking subscription status for user 81e78254-85dc-464c-8aa4-455f9d9d47eb
2025-11-20 10:37:12 [DEBUG] Subscription lookup for ID=sub_1OkVEMIdMMgqrK9P9nLNiDAM
2025-11-20 10:37:13 [INFO] Checking subscription status for user 81e78254-85dc-464c-8aa4-455f9d9d47eb
2025-11-20 10:37:13 [DEBUG] Subscription lookup for ID=sub_1OkVEMIdMMgqrK9P9nLNiDAM
2025-11-20 10:37:54 [INFO] Checking subscription status for user 471e9752-bcd7-4b95-9391-e890a0b2e1e8
2025-11-20 10:37:54 [DEBUG] Subscription lookup for ID=sub_1OkVEMIdMMgqrK9P9nLNiDAM
2025-11-20 10:37:55 [INFO] Checking subscription status for user 471e9752-bcd7-4b95-9391-e890a0b2e1e8
2025-11-20 10:37:55 [DEBUG] Subscription lookup for ID=sub_1OkVEMIdMMgqrK9P9nLNiDAM
2025-11-20 10:37:58 [INFO] Checking subscription status for user 81e78254-85dc-464c-8aa4-455f9d9d47eb
2025-11-20 10:37:58 [DEBUG] Subscription lookup for ID=sub_1OkVEMIdMMgqrK9P9nLNiDAM
2025-11-20 10:37:59 [INFO] Checking subscription status for user 81e78254-85dc-464c-8aa4-455f9d9d47eb
2025-11-20 10:37:59 [DEBUG] Subscription lookup for ID=sub_1OkVEMIdMMgqrK9P9nLNiDAM
2025-11-20 10:38:32 [INFO] Checking subscription status for user 81e78254-85dc-464c-8aa4-455f9d9d47eb
2025-11-20 10:38:32 [DEBUG] Subscription lookup for ID=sub_1OkVEMIdMMgqrK9P9nLNiDAM
2025-11-20 10:38:33 [INFO] Checking subscription status for user 81e78254-85dc-464c-8aa4-455f9d9d47eb
2025-11-20 10:38:33 [DEBUG] Subscription lookup for ID=sub_1OkVEMIdMMgqrK9P9nLNiDAM
2025-11-20 10:38:39 [INFO] Checking subscription status for user 471e9752-bcd7-4b95-9391-e890a0b2e1e8
2025-11-20 10:38:39 [DEBUG] Subscription lookup for ID=sub_1OkVEMIdMMgqrK9P9nLNiDAM
2025-11-20 10:38:40 [INFO] Checking subscription status for user 471e9752-bcd7-4b95-9391-e890a0b2e1e8
2025-11-20 10:38:40 [DEBUG] Subscription lookup for ID=sub_1OkVEMIdMMgqrK9P9nLNiDAM
2025-11-20 10:42:20 [INFO] Checking subscription status for user 81e78254-85dc-464c-8aa4-455f9d9d47eb
2025-11-20 10:42:20 [DEBUG] Subscription lookup for ID=sub_1OkVEMIdMMgqrK9P9nLNiDAM
2025-11-20 10:42:21 [INFO] Checking subscription status for user 81e78254-85dc-464c-8aa4-455f9d9d47eb
2025-11-20 10:42:21 [DEBUG] Subscription lookup for ID=sub_1OkVEMIdMMgqrK9P9nLNiDAM
2025-11-20 10:42:35 [INFO] Checking subscription status for user 81e78254-85dc-464c-8aa4-455f9d9d47eb
2025-11-20 10:42:36 [DEBUG] Subscription lookup for ID=sub_1OkVEMIdMMgqrK9P9nLNiDAM
2025-11-20 10:42:36 [INFO] Checking subscription status for user 81e78254-85dc-464c-8aa4-455f9d9d47eb
2025-11-20 10:42:36 [DEBUG] Subscription lookup for ID=sub_1OkVEMIdMMgqrK9P9nLNiDAM
2025-11-20 10:44:21 [INFO] Checking subscription status for user 81e78254-85dc-464c-8aa4-455f9d9d47eb
2025-11-20 10:44:22 [DEBUG] Subscription lookup for ID=sub_1OkVEMIdMMgqrK9P9nLNiDAM
2025-11-20 10:44:22 [INFO] Checking subscription status for user 81e78254-85dc-464c-8aa4-455f9d9d47eb
2025-11-20 10:44:23 [DEBUG] Subscription lookup for ID=sub_1OkVEMIdMMgqrK9P9nLNiDAM
2025-11-20 10:44:41 [INFO] Checking subscription status for user 81e78254-85dc-464c-8aa4-455f9d9d47eb
2025-11-20 10:44:41 [DEBUG] Subscription lookup for ID=sub_1OkVEMIdMMgqrK9P9nLNiDAM
2025-11-20 10:44:42 [INFO] Checking subscription status for user 81e78254-85dc-464c-8aa4-455f9d9d47eb
2025-11-20 10:44:42 [DEBUG] Subscription lookup for ID=sub_1OkVEMIdMMgqrK9P9nLNiDAM
2025-11-20 10:46:59 [INFO] Checking subscription status for user 81e78254-85dc-464c-8aa4-455f9d9d47eb
2025-11-20 10:47:00 [DEBUG] Subscription lookup for ID=sub_1OkVEMIdMMgqrK9P9nLNiDAM
2025-11-20 10:47:00 [INFO] Checking subscription status for user 81e78254-85dc-464c-8aa4-455f9d9d47eb
2025-11-20 10:47:01 [DEBUG] Subscription lookup for ID=sub_1OkVEMIdMMgqrK9P9nLNiDAM
2025-11-20 10:48:08 [INFO] Checking subscription status for user 81e78254-85dc-464c-8aa4-455f9d9d47eb
2025-11-20 10:48:08 [DEBUG] Subscription lookup for ID=sub_1OkVEMIdMMgqrK9P9nLNiDAM
2025-11-20 10:48:08 [INFO] Checking subscription status for user 81e78254-85dc-464c-8aa4-455f9d9d47eb
2025-11-20 10:48:09 [DEBUG] Subscription lookup for ID=sub_1OkVEMIdMMgqrK9P9nLNiDAM
2025-11-20 10:50:05 [INFO] Checking subscription status for user 81e78254-85dc-464c-8aa4-455f9d9d47eb
2025-11-20 10:50:05 [DEBUG] Subscription lookup for ID=sub_1OkVEMIdMMgqrK9P9nLNiDAM
2025-11-20 10:50:06 [INFO] Checking subscription status for user 81e78254-85dc-464c-8aa4-455f9d9d47eb
2025-11-20 10:50:06 [DEBUG] Subscription lookup for ID=sub_1OkVEMIdMMgqrK9P9nLNiDAM
2025-11-20 10:52:56 [INFO] Checking subscription status for user 81e78254-85dc-464c-8aa4-455f9d9d47eb
2025-11-20 10:52:56 [DEBUG] Subscription lookup for ID=sub_1OkVEMIdMMgqrK9P9nLNiDAM
2025-11-20 10:52:57 [INFO] Checking subscription status for user 81e78254-85dc-464c-8aa4-455f9d9d47eb
2025-11-20 10:52:57 [DEBUG] Subscription lookup for ID=sub_1OkVEMIdMMgqrK9P9nLNiDAM
2025-11-20 10:53:09 [INFO] Checking subscription status for user 471e9752-bcd7-4b95-9391-e890a0b2e1e8
2025-11-20 10:53:09 [DEBUG] Subscription lookup for ID=sub_1OkVEMIdMMgqrK9P9nLNiDAM
2025-11-20 10:53:10 [INFO] Checking subscription status for user 471e9752-bcd7-4b95-9391-e890a0b2e1e8
2025-11-20 10:53:10 [DEBUG] Subscription lookup for ID=sub_1OkVEMIdMMgqrK9P9nLNiDAM
2025-11-20 10:58:10 [INFO] Checking subscription status for user 81e78254-85dc-464c-8aa4-455f9d9d47eb
2025-11-20 10:58:10 [DEBUG] Subscription lookup for ID=sub_1OkVEMIdMMgqrK9P9nLNiDAM
2025-11-20 10:58:10 [INFO] Checking subscription status for user 81e78254-85dc-464c-8aa4-455f9d9d47eb
2025-11-20 10:58:11 [DEBUG] Subscription lookup for ID=sub_1OkVEMIdMMgqrK9P9nLNiDAM
2025-11-20 11:00:02 [INFO] Checking subscription status for user 81e78254-85dc-464c-8aa4-455f9d9d47eb
2025-11-20 11:00:03 [DEBUG] Subscription lookup for ID=sub_1OkVEMIdMMgqrK9P9nLNiDAM
2025-11-20 11:00:04 [INFO] Checking subscription status for user 471e9752-bcd7-4b95-9391-e890a0b2e1e8
2025-11-20 11:00:04 [DEBUG] Subscription lookup for ID=sub_1OkVEMIdMMgqrK9P9nLNiDAM
2025-11-20 11:00:04 [INFO] Checking subscription status for user 81e78254-85dc-464c-8aa4-455f9d9d47eb
2025-11-20 11:00:04 [DEBUG] Subscription lookup for ID=sub_1OkVEMIdMMgqrK9P9nLNiDAM
2025-11-20 11:00:05 [INFO] Checking subscription status for user 471e9752-bcd7-4b95-9391-e890a0b2e1e8
2025-11-20 11:00:05 [DEBUG] Subscription lookup for ID=sub_1OkVEMIdMMgqrK9P9nLNiDAM
2025-11-20 11:00:21 [INFO] Checking subscription status for user 471e9752-bcd7-4b95-9391-e890a0b2e1e8
2025-11-20 11:00:21 [DEBUG] Subscription lookup for ID=sub_1OkVEMIdMMgqrK9P9nLNiDAM
2025-11-20 11:00:21 [INFO] Checking subscription status for user 471e9752-bcd7-4b95-9391-e890a0b2e1e8
2025-11-20 11:00:22 [DEBUG] Subscription lookup for ID=sub_1OkVEMIdMMgqrK9P9nLNiDAM
2025-11-20 11:02:59 [INFO] Checking subscription status for user 81e78254-85dc-464c-8aa4-455f9d9d47eb
2025-11-20 11:02:59 [DEBUG] Subscription lookup for ID=sub_1OkVEMIdMMgqrK9P9nLNiDAM
2025-11-20 11:03:00 [INFO] Checking subscription status for user 81e78254-85dc-464c-8aa4-455f9d9d47eb
2025-11-20 11:03:00 [DEBUG] Subscription lookup for ID=sub_1OkVEMIdMMgqrK9P9nLNiDAM
2025-11-20 11:04:11 [INFO] Checking subscription status for user 81e78254-85dc-464c-8aa4-455f9d9d47eb
2025-11-20 11:04:12 [DEBUG] Subscription lookup for ID=sub_1OkVEMIdMMgqrK9P9nLNiDAM
2025-11-20 11:04:12 [INFO] Checking subscription status for user 81e78254-85dc-464c-8aa4-455f9d9d47eb
2025-11-20 11:04:12 [DEBUG] Subscription lookup for ID=sub_1OkVEMIdMMgqrK9P9nLNiDAM
2025-11-20 11:04:22 [INFO] Checking subscription status for user 81e78254-85dc-464c-8aa4-455f9d9d47eb
2025-11-20 11:04:22 [DEBUG] Subscription lookup for ID=sub_1OkVEMIdMMgqrK9P9nLNiDAM
2025-11-20 11:04:23 [INFO] Checking subscription status for user 81e78254-85dc-464c-8aa4-455f9d9d47eb
2025-11-20 11:04:23 [DEBUG] Subscription lookup for ID=sub_1OkVEMIdMMgqrK9P9nLNiDAM
2025-11-20 11:05:34 [INFO] Checking subscription status for user 81e78254-85dc-464c-8aa4-455f9d9d47eb
2025-11-20 11:05:34 [DEBUG] Subscription lookup for ID=sub_1OkVEMIdMMgqrK9P9nLNiDAM
2025-11-20 11:05:34 [INFO] Checking subscription status for user 81e78254-85dc-464c-8aa4-455f9d9d47eb
2025-11-20 11:05:35 [DEBUG] Subscription lookup for ID=sub_1OkVEMIdMMgqrK9P9nLNiDAM
2025-11-20 11:07:41 [INFO] Checking subscription status for user 81e78254-85dc-464c-8aa4-455f9d9d47eb
2025-11-20 11:07:41 [DEBUG] Subscription lookup for ID=sub_1OkVEMIdMMgqrK9P9nLNiDAM
2025-11-20 11:07:41 [INFO] Checking subscription status for user 81e78254-85dc-464c-8aa4-455f9d9d47eb
2025-11-20 11:07:42 [DEBUG] Subscription lookup for ID=sub_1OkVEMIdMMgqrK9P9nLNiDAM
2025-11-20 11:09:34 [INFO] Checking subscription status for user 81e78254-85dc-464c-8aa4-455f9d9d47eb
2025-11-20 11:09:34 [DEBUG] Subscription lookup for ID=sub_1OkVEMIdMMgqrK9P9nLNiDAM
2025-11-20 11:09:35 [INFO] Checking subscription status for user 81e78254-85dc-464c-8aa4-455f9d9d47eb
2025-11-20 11:09:35 [DEBUG] Subscription lookup for ID=sub_1OkVEMIdMMgqrK9P9nLNiDAM
2025-11-20 11:10:27 [INFO] Checking subscription status for user 81e78254-85dc-464c-8aa4-455f9d9d47eb
2025-11-20 11:10:27 [DEBUG] Subscription lookup for ID=sub_1OkVEMIdMMgqrK9P9nLNiDAM
2025-11-20 11:10:27 [INFO] Checking subscription status for user 81e78254-85dc-464c-8aa4-455f9d9d47eb
2025-11-20 11:10:28 [DEBUG] Subscription lookup for ID=sub_1OkVEMIdMMgqrK9P9nLNiDAM
2025-11-20 11:16:20 [INFO] Checking subscription status for user 81e78254-85dc-464c-8aa4-455f9d9d47eb
2025-11-20 11:16:20 [DEBUG] Subscription lookup for ID=sub_1OkVEMIdMMgqrK9P9nLNiDAM
2025-11-20 11:16:20 [INFO] Checking subscription status for user 81e78254-85dc-464c-8aa4-455f9d9d47eb
2025-11-20 11:16:21 [DEBUG] Subscription lookup for ID=sub_1OkVEMIdMMgqrK9P9nLNiDAM
2025-11-20 11:19:11 [INFO] Checking subscription status for user 471e9752-bcd7-4b95-9391-e890a0b2e1e8
2025-11-20 11:19:11 [DEBUG] Subscription lookup for ID=sub_1OkVEMIdMMgqrK9P9nLNiDAM
2025-11-20 11:19:11 [INFO] Checking subscription status for user 471e9752-bcd7-4b95-9391-e890a0b2e1e8
2025-11-20 11:19:11 [DEBUG] Subscription lookup for ID=sub_1OkVEMIdMMgqrK9P9nLNiDAM
2025-11-20 11:21:13 [INFO] Checking subscription status for user 471e9752-bcd7-4b95-9391-e890a0b2e1e8
2025-11-20 11:21:13 [DEBUG] Subscription lookup for ID=sub_1OkVEMIdMMgqrK9P9nLNiDAM
2025-11-20 11:21:13 [INFO] Checking subscription status for user 471e9752-bcd7-4b95-9391-e890a0b2e1e8
2025-11-20 11:21:13 [DEBUG] Subscription lookup for ID=sub_1OkVEMIdMMgqrK9P9nLNiDAM
2025-11-20 11:21:48 [INFO] Stripe API initialized successfully.
2025-11-20 11:21:54 [INFO] Stripe API initialized successfully.
2025-11-20 11:22:18 [INFO] Checking subscription status for user 471e9752-bcd7-4b95-9391-e890a0b2e1e8
2025-11-20 11:22:19 [DEBUG] Subscription lookup for ID=sub_1OkVEMIdMMgqrK9P9nLNiDAM
2025-11-20 11:22:19 [INFO] Retrieved subscription sub_1OkVEMIdMMgqrK9P9nLNiDAM for user 471e9752-bcd7-4b95-9391-e890a0b2e1e8
2025-11-20 12:44:58 [INFO] Checking subscription status for user 81e78254-85dc-464c-8aa4-455f9d9d47eb
2025-11-20 12:44:59 [DEBUG] Subscription lookup for ID=sub_1OkVEMIdMMgqrK9P9nLNiDAM
2025-11-20 12:44:59 [INFO] Retrieved subscription sub_1OkVEMIdMMgqrK9P9nLNiDAM for user 81e78254-85dc-464c-8aa4-455f9d9d47eb
2025-11-20 13:01:22 [INFO] Stripe API initialized successfully.
2025-11-20 13:03:33 [INFO] Stripe API initialized successfully.
2025-11-20 13:15:49 [INFO] Checking subscription status for user 81e78254-85dc-464c-8aa4-455f9d9d47eb
2025-11-20 13:15:50 [DEBUG] Subscription lookup for ID=sub_1OkVEMIdMMgqrK9P9nLNiDAM
2025-11-20 13:15:50 [INFO] Retrieved subscription sub_1OkVEMIdMMgqrK9P9nLNiDAM for user 81e78254-85dc-464c-8aa4-455f9d9d47eb
2025-11-20 13:29:22 [INFO] Stripe API initialized successfully.
2025-11-20 13:29:37 [INFO] Stripe API initialized successfully.
2025-11-20 13:29:41 [INFO] Stripe API initialized successfully.
2025-11-20 13:31:53 [INFO] Stripe API initialized successfully.
2025-11-20 13:31:56 [INFO] Stripe API initialized successfully.
2025-11-20 13:32:18 [INFO] Stripe API initialized successfully.
2025-11-20 13:40:07 [INFO] Stripe API initialized successfully.
2025-11-20 13:44:52 [INFO] Stripe API initialized successfully.
2025-11-20 13:44:56 [INFO] Stripe API initialized successfully.
2025-11-20 13:55:12 [INFO] Stripe API initialized successfully.
2025-11-20 13:55:48 [INFO] Stripe API initialized successfully.
2025-11-20 13:56:08 [INFO] Stripe API initialized successfully.
2025-11-20 13:56:16 [INFO] Stripe API initialized successfully.
2025-11-20 13:56:38 [INFO] Stripe API initialized successfully.
2025-11-20 13:57:17 [INFO] Stripe API initialized successfully.
2025-11-20 13:58:44 [INFO] Stripe API initialized successfully.
2025-11-20 13:58:47 [INFO] Stripe API initialized successfully.
2025-11-20 14:00:12 [INFO] Stripe API initialized successfully.
2025-11-20 14:00:19 [INFO] Stripe API initialized successfully.
2025-11-20 14:00:35 [INFO] Stripe API initialized successfully.
2025-11-20 14:00:41 [INFO] Stripe API initialized successfully.
2025-11-20 14:00:49 [INFO] Stripe API initialized successfully.
2025-11-20 14:01:56 [INFO] Stripe API initialized successfully.
2025-11-20 14:02:01 [INFO] Stripe API initialized successfully.
2025-11-20 14:03:10 [INFO] Stripe API initialized successfully.
2025-11-20 14:03:15 [INFO] Stripe API initialized successfully.
2025-11-20 14:03:43 [INFO] Stripe API initialized successfully.
2025-11-20 14:03:49 [INFO] Stripe API initialized successfully.
2025-11-20 14:03:51 [INFO] Stripe API initialized successfully.
2025-11-20 14:04:21 [INFO] Stripe API initialized successfully.
2025-11-20 14:06:14 [INFO] Stripe API initialized successfully.
2025-11-20 14:06:24 [INFO] Stripe API initialized successfully.
2025-11-20 14:07:14 [INFO] Stripe API initialized successfully.
2025-11-20 14:07:22 [INFO] Stripe API initialized successfully.
2025-11-20 14:08:04 [INFO] Stripe API initialized successfully.
2025-11-20 14:09:05 [INFO] Stripe API initialized successfully.
2025-11-20 14:10:44 [INFO] Stripe API initialized successfully.
2025-11-20 14:11:13 [INFO] Stripe API initialized successfully.
2025-11-20 14:11:15 [INFO] Stripe API initialized successfully.
2025-11-20 14:11:32 [INFO] Stripe API initialized successfully.
2025-11-20 14:11:49 [INFO] Stripe API initialized successfully.
2025-11-20 14:11:51 [INFO] Stripe API initialized successfully.
2025-11-20 14:11:52 [INFO] Stripe API initialized successfully.
2025-11-20 14:12:01 [INFO] Stripe API initialized successfully.
2025-11-20 14:12:26 [INFO] Stripe API initialized successfully.
2025-11-20 14:12:49 [INFO] Stripe API initialized successfully.
2025-11-20 14:12:52 [INFO] Stripe API initialized successfully.
2025-11-20 14:14:25 [INFO] Stripe API initialized successfully.
2025-11-20 14:14:27 [INFO] Stripe API initialized successfully.
2025-11-20 14:14:29 [INFO] Stripe API initialized successfully.
2025-11-20 14:16:13 [INFO] Stripe API initialized successfully.
2025-11-20 14:16:20 [INFO] Stripe API initialized successfully.
2025-11-20 14:31:29 [INFO] Stripe API initialized successfully.
2025-11-20 14:37:55 [INFO] Stripe API initialized successfully.
2025-11-21 07:51:08 [INFO] Stripe API initialized successfully.
2025-11-21 08:02:28 [INFO] Stripe API initialized successfully.
2025-11-21 08:02:43 [INFO] Stripe API initialized successfully.
2025-11-21 08:03:10 [INFO] Stripe API initialized successfully.
2025-11-21 08:05:02 [INFO] Stripe API initialized successfully.
2025-11-21 08:06:15 [INFO] Stripe API initialized successfully.
2025-11-21 08:06:17 [INFO] Stripe API initialized successfully.
2025-11-21 08:06:41 [INFO] Stripe API initialized successfully.
2025-11-21 08:07:03 [INFO] Stripe API initialized successfully.
2025-11-21 08:07:42 [INFO] Stripe API initialized successfully.
2025-11-21 08:08:44 [INFO] Stripe API initialized successfully.
2025-11-21 08:08:47 [INFO] Stripe API initialized successfully.
2025-11-21 08:09:34 [INFO] Stripe API initialized successfully.
2025-11-21 08:11:53 [INFO] Stripe API initialized successfully.
2025-11-21 08:12:09 [INFO] Stripe API initialized successfully.
2025-11-21 08:12:16 [INFO] Stripe API initialized successfully.
2025-11-21 08:12:26 [INFO] Stripe API initialized successfully.
2025-11-21 08:13:46 [INFO] Stripe API initialized successfully.
2025-11-21 08:16:25 [INFO] Stripe API initialized successfully.
2025-11-21 08:17:10 [INFO] Stripe API initialized successfully.
2025-11-21 08:17:26 [INFO] Stripe API initialized successfully.
2025-11-21 08:17:36 [INFO] Stripe API initialized successfully.
2025-11-21 08:19:53 [INFO] Stripe API initialized successfully.
2025-11-21 08:20:37 [INFO] Stripe API initialized successfully.
2025-11-21 08:20:39 [INFO] Stripe API initialized successfully.
2025-11-21 08:22:16 [INFO] Stripe API initialized successfully.
2025-11-21 08:23:08 [INFO] Stripe API initialized successfully.
2025-11-21 08:24:39 [INFO] Stripe API initialized successfully.
2025-11-21 08:25:15 [INFO] Stripe API initialized successfully.
2025-11-21 08:26:16 [DEBUG] Checking Stripe connect status
2025-11-21 08:26:16 [DEBUG] Resolved current_user ID: 81e78254-85dc-464c-8aa4-455f9d9d47eb
2025-11-21 08:26:16 [DEBUG] Fetching business for user_id=81e78254-85dc-464c-8aa4-455f9d9d47eb
2025-11-21 08:33:42 [INFO] Stripe API initialized successfully.
2025-11-21 08:33:44 [INFO] Stripe API initialized successfully.
2025-11-21 08:34:18 [INFO] Stripe API initialized successfully.
2025-11-21 08:34:29 [INFO] Stripe API initialized successfully.
2025-11-21 08:35:40 [INFO] Stripe API initialized successfully.
2025-11-21 08:35:42 [INFO] Stripe API initialized successfully.
2025-11-21 08:38:20 [INFO] Stripe API initialized successfully.
2025-11-21 08:39:33 [INFO] Stripe API initialized successfully.
2025-11-21 08:40:35 [INFO] Stripe API initialized successfully.
2025-11-21 08:40:43 [INFO] Stripe API initialized successfully.
2025-11-21 08:42:39 [INFO] Creating Stripe checkout session for invoice 6da4af64-7b37-4725-817b-1cdccecba6cc
2025-11-21 08:42:40 [INFO] Checkout session created: cs_live_a1D3yPDiODOMDcBMY9sMZrFUeyIwZ5JwQKrtScyxO6JMLgVHdA8jE0GeRf
2025-11-21 08:42:44 [INFO] Stripe cancel callback received for invoice 6da4af64-7b37-4725-817b-1cdccecba6cc
2025-11-21 09:12:07 [INFO] Stripe API initialized successfully.
2025-11-21 09:15:47 [INFO] Stripe API initialized successfully.
2025-11-21 09:17:30 [INFO] Stripe API initialized successfully.
2025-11-21 09:19:04 [INFO] Stripe API initialized successfully.
2025-11-21 09:19:34 [INFO] Stripe API initialized successfully.
2025-11-21 09:20:08 [INFO] Stripe API initialized successfully.
2025-11-21 09:23:32 [INFO] Stripe API initialized successfully.
2025-11-21 09:23:46 [INFO] Stripe API initialized successfully.
2025-11-21 09:23:48 [INFO] Stripe API initialized successfully.
2025-11-21 09:24:36 [INFO] Stripe API initialized successfully.
2025-11-21 09:29:05 [INFO] Stripe API initialized successfully.
2025-11-21 10:07:39 [INFO] Stripe API initialized successfully.
2025-11-21 10:08:15 [INFO] Stripe API initialized successfully.
2025-11-21 11:02:16 [INFO] Stripe API initialized successfully.
2025-11-21 11:03:00 [INFO] Stripe API initialized successfully.
2025-11-21 11:04:28 [INFO] Stripe API initialized successfully.
2025-11-21 11:07:17 [INFO] Stripe API initialized successfully.
2025-11-21 11:41:11 [INFO] Stripe API initialized successfully.
2025-11-21 12:15:27 [INFO] Stripe API initialized successfully.
2025-11-21 12:22:00 [INFO] Stripe API initialized successfully.
2025-11-21 12:24:34 [INFO] Stripe API initialized successfully.
2025-11-21 12:24:56 [INFO] Stripe API initialized successfully.
2025-11-21 12:27:08 [INFO] Stripe API initialized successfully.
